[NbConvertApp] Converting notebook analisis_scenario_generation.ipynb to notebook
[IPKernelApp] WARNING | Kernel is running over TCP without encryption. All communication (including code and outputs) is sent in plain text and is susceptible to eavesdropping. Use IPC transport or launch with kernel manager-provisioned CurveZMQ keys to enable transport encryption.
Traceback (most recent call last):
  File "/users/delfos/aina/scentree-gen-remote/scentree-gen-remote/.venv/bin/jupyter-nbconvert", line 10, in <module>
    sys.exit(main())
             ^^^^^^
  File "/users/delfos/aina/scentree-gen-remote/scentree-gen-remote/.venv/lib/python3.12/site-packages/jupyter_core/application.py", line 284, in launch_instance
    super().launch_instance(argv=argv, **kwargs)
  File "/users/delfos/aina/scentree-gen-remote/scentree-gen-remote/.venv/lib/python3.12/site-packages/traitlets/config/application.py", line 1080, in launch_instance
    app.start()
  File "/users/delfos/aina/scentree-gen-remote/scentree-gen-remote/.venv/lib/python3.12/site-packages/nbconvert/nbconvertapp.py", line 420, in start
    self.convert_notebooks()
  File "/users/delfos/aina/scentree-gen-remote/scentree-gen-remote/.venv/lib/python3.12/site-packages/nbconvert/nbconvertapp.py", line 597, in convert_notebooks
    self.convert_single_notebook(notebook_filename)
  File "/users/delfos/aina/scentree-gen-remote/scentree-gen-remote/.venv/lib/python3.12/site-packages/nbconvert/nbconvertapp.py", line 563, in convert_single_notebook
    output, resources = self.export_single_notebook(
                        ^^^^^^^^^^^^^^^^^^^^^^^^^^^^
  File "/users/delfos/aina/scentree-gen-remote/scentree-gen-remote/.venv/lib/python3.12/site-packages/nbconvert/nbconvertapp.py", line 487, in export_single_notebook
    output, resources = self.exporter.from_filename(
                        ^^^^^^^^^^^^^^^^^^^^^^^^^^^^
  File "/users/delfos/aina/scentree-gen-remote/scentree-gen-remote/.venv/lib/python3.12/site-packages/nbconvert/exporters/exporter.py", line 201, in from_filename
    return self.from_file(f, resources=resources, **kw)
           ^^^^^^^^^^^^^^^^^^^^^^^^^^^^^^^^^^^^^^^^^^^^
  File "/users/delfos/aina/scentree-gen-remote/scentree-gen-remote/.venv/lib/python3.12/site-packages/nbconvert/exporters/exporter.py", line 220, in from_file
    return self.from_notebook_node(
           ^^^^^^^^^^^^^^^^^^^^^^^^
  File "/users/delfos/aina/scentree-gen-remote/scentree-gen-remote/.venv/lib/python3.12/site-packages/nbconvert/exporters/notebook.py", line 36, in from_notebook_node
    nb_copy, resources = super().from_notebook_node(nb, resources, **kw)
                         ^^^^^^^^^^^^^^^^^^^^^^^^^^^^^^^^^^^^^^^^^^^^^^^
  File "/users/delfos/aina/scentree-gen-remote/scentree-gen-remote/.venv/lib/python3.12/site-packages/nbconvert/exporters/exporter.py", line 154, in from_notebook_node
    nb_copy, resources = self._preprocess(nb_copy, resources)
                         ^^^^^^^^^^^^^^^^^^^^^^^^^^^^^^^^^^^^
  File "/users/delfos/aina/scentree-gen-remote/scentree-gen-remote/.venv/lib/python3.12/site-packages/nbconvert/exporters/exporter.py", line 353, in _preprocess
    nbc, resc = preprocessor(nbc, resc)
                ^^^^^^^^^^^^^^^^^^^^^^^
  File "/users/delfos/aina/scentree-gen-remote/scentree-gen-remote/.venv/lib/python3.12/site-packages/nbconvert/preprocessors/base.py", line 48, in __call__
    return self.preprocess(nb, resources)
           ^^^^^^^^^^^^^^^^^^^^^^^^^^^^^^
  File "/users/delfos/aina/scentree-gen-remote/scentree-gen-remote/.venv/lib/python3.12/site-packages/nbconvert/preprocessors/execute.py", line 103, in preprocess
    self.preprocess_cell(cell, resources, index)
  File "/users/delfos/aina/scentree-gen-remote/scentree-gen-remote/.venv/lib/python3.12/site-packages/nbconvert/preprocessors/execute.py", line 124, in preprocess_cell
    cell = self.execute_cell(cell, index, store_history=True)
           ^^^^^^^^^^^^^^^^^^^^^^^^^^^^^^^^^^^^^^^^^^^^^^^^^^
  File "/users/delfos/aina/scentree-gen-remote/scentree-gen-remote/.venv/lib/python3.12/site-packages/jupyter_core/utils/__init__.py", line 165, in wrapped
    return loop.run_until_complete(inner)
           ^^^^^^^^^^^^^^^^^^^^^^^^^^^^^^
  File "/users/delfos/aina/.local/share/uv/python/cpython-3.12.14-linux-x86_64-gnu/lib/python3.12/asyncio/base_events.py", line 691, in run_until_complete
    return future.result()
           ^^^^^^^^^^^^^^^
  File "/users/delfos/aina/scentree-gen-remote/scentree-gen-remote/.venv/lib/python3.12/site-packages/nbclient/client.py", line 1062, in async_execute_cell
    await self._check_raise_for_error(cell, cell_index, exec_reply)
  File "/users/delfos/aina/scentree-gen-remote/scentree-gen-remote/.venv/lib/python3.12/site-packages/nbclient/client.py", line 918, in _check_raise_for_error
    raise CellExecutionError.from_cell_and_msg(cell, exec_reply_content)
nbclient.exceptions.CellExecutionError: An error occurred while executing the following cell:
------------------
batch = pd.concat([
    pd.read_csv("results_batch_dif_ren.csv"),
    pd.read_csv("results_batch_same_ren.csv"),
], ignore_index=True)

batch_ok = (batch[batch["status"] == "ok"]
            .sort_values("wall_time_total_s")
            .drop_duplicates(subset=["ren_type", "num_scenarios_folder"], keep="last")
            .rename(columns={"ren_type": "method", "num_scenarios_folder": "sc_folder"}))

struct_agg = tree_summary.groupby(["method", "sc_folder"]).agg(
    num_nodes=("num_nodes", "mean"),
    num_tree_stages=("num_tree_stages", "mean"),
    effective_num_scenarios=("effective_num_scenarios", "mean"),
    prob_max=("prob_max", "mean"),
).reset_index()

joined = batch_ok.merge(struct_agg, on=["method", "sc_folder"], how="left")
joined[["method", "sc_folder", "num_scenarios_original", "num_scenarios_reduced",
        "solve_time_s", "num_variables", "obj_fun", "num_nodes", "effective_num_scenarios"]] \
    .sort_values(["method", "sc_folder"])
------------------


[31m---------------------------------------------------------------------------[39m
[31mFileNotFoundError[39m                         Traceback (most recent call last)
[36mCell[39m[36m [39m[32mIn[18][39m[32m, line 2[39m
[32m      1[39m batch = pd.concat([
[32m----> [39m[32m2[39m     pd.read_csv([33m"results_batch_dif_ren.csv"[39m),
[32m      3[39m     pd.read_csv([33m"results_batch_same_ren.csv"[39m),
[32m      4[39m ], ignore_index=[38;5;28;01mTrue[39;00m)
[32m      5[39m 

[36mFile [39m[32m~/scentree-gen-remote/scentree-gen-remote/.venv/lib/python3.12/site-packages/pandas/io/parsers/readers.py:873[39m, in [36mread_csv[39m[34m(filepath_or_buffer, sep, delimiter, header, names, index_col, usecols, dtype, engine, converters, true_values, false_values, skipinitialspace, skiprows, skipfooter, nrows, na_values, keep_default_na, na_filter, skip_blank_lines, parse_dates, date_format, dayfirst, cache_dates, iterator, chunksize, compression, thousands, decimal, lineterminator, quotechar, quoting, doublequote, escapechar, comment, encoding, encoding_errors, dialect, on_bad_lines, low_memory, memory_map, float_precision, storage_options, dtype_backend)[39m
[32m    861[39m kwds_defaults = _refine_defaults_read(
[32m    862[39m     dialect,
[32m    863[39m     delimiter,
[32m   (...)[39m[32m    869[39m     dtype_backend=dtype_backend,
[32m    870[39m )
[32m    871[39m kwds.update(kwds_defaults)
[32m--> [39m[32m873[39m [38;5;28;01mreturn[39;00m [30;43m_read[39;49m[30;43m([39;49m[30;43mfilepath_or_buffer[39;49m[30;43m,[39;49m[30;43m [39;49m[30;43mkwds[39;49m[30;43m)[39;49m

[36mFile [39m[32m~/scentree-gen-remote/scentree-gen-remote/.venv/lib/python3.12/site-packages/pandas/io/parsers/readers.py:300[39m, in [36m_read[39m[34m(filepath_or_buffer, kwds)[39m
[32m    297[39m _validate_names(kwds.get([33m"[39m[33mnames[39m[33m"[39m, [38;5;28;01mNone[39;00m))
[32m    299[39m [38;5;66;03m# Create the parser.[39;00m
[32m--> [39m[32m300[39m parser = [30;43mTextFileReader[39;49m[30;43m([39;49m[30;43mfilepath_or_buffer[39;49m[30;43m,[39;49m[30;43m [39;49m[30;43m*[39;49m[30;43m*[39;49m[30;43mkwds[39;49m[30;43m)[39;49m
[32m    302[39m [38;5;28;01mif[39;00m chunksize [38;5;129;01mor[39;00m iterator:
[32m    303[39m     [38;5;28;01mreturn[39;00m parser

[36mFile [39m[32m~/scentree-gen-remote/scentree-gen-remote/.venv/lib/python3.12/site-packages/pandas/io/parsers/readers.py:1645[39m, in [36mTextFileReader.__init__[39m[34m(self, f, engine, **kwds)[39m
[32m   1642[39m     [38;5;28mself[39m.options[[33m"[39m[33mhas_index_names[39m[33m"[39m] = kwds[[33m"[39m[33mhas_index_names[39m[33m"[39m]
[32m   1644[39m [38;5;28mself[39m.handles: IOHandles | [38;5;28;01mNone[39;00m = [38;5;28;01mNone[39;00m
[32m-> [39m[32m1645[39m [38;5;28mself[39m._engine = [30;43mself[39;49m[30;43m.[39;49m[30;43m_make_engine[39;49m[30;43m([39;49m[30;43mf[39;49m[30;43m,[39;49m[30;43m [39;49m[30;43mself[39;49m[30;43m.[39;49m[30;43mengine[39;49m[30;43m)[39;49m

[36mFile [39m[32m~/scentree-gen-remote/scentree-gen-remote/.venv/lib/python3.12/site-packages/pandas/io/parsers/readers.py:1904[39m, in [36mTextFileReader._make_engine[39m[34m(self, f, engine)[39m
[32m   1902[39m     [38;5;28;01mif[39;00m [33m"[39m[33mb[39m[33m"[39m [38;5;129;01mnot[39;00m [38;5;129;01min[39;00m mode:
[32m   1903[39m         mode += [33m"[39m[33mb[39m[33m"[39m
[32m-> [39m[32m1904[39m [38;5;28mself[39m.handles = [30;43mget_handle[39;49m[30;43m([39;49m
[32m   1905[39m [30;43m    [39;49m[30;43mf[39;49m[30;43m,[39;49m
[32m   1906[39m [30;43m    [39;49m[30;43mmode[39;49m[30;43m,[39;49m
[32m   1907[39m [30;43m    [39;49m[30;43mencoding[39;49m[30;43m=[39;49m[30;43mself[39;49m[30;43m.[39;49m[30;43moptions[39;49m[30;43m.[39;49m[30;43mget[39;49m[30;43m([39;49m[30;43m"[39;49m[30;43mencoding[39;49m[30;43m"[39;49m[30;43m,[39;49m[30;43m [39;49m[30;43;01mNone[39;49;00m[30;43m)[39;49m[30;43m,[39;49m
[32m   1908[39m [30;43m    [39;49m[30;43mcompression[39;49m[30;43m=[39;49m[30;43mself[39;49m[30;43m.[39;49m[30;43moptions[39;49m[30;43m.[39;49m[30;43mget[39;49m[30;43m([39;49m[30;43m"[39;49m[30;43mcompression[39;49m[30;43m"[39;49m[30;43m,[39;49m[30;43m [39;49m[30;43;01mNone[39;49;00m[30;43m)[39;49m[30;43m,[39;49m
[32m   1909[39m [30;43m    [39;49m[30;43mmemory_map[39;49m[30;43m=[39;49m[30;43mself[39;49m[30;43m.[39;49m[30;43moptions[39;49m[30;43m.[39;49m[30;43mget[39;49m[30;43m([39;49m[30;43m"[39;49m[30;43mmemory_map[39;49m[30;43m"[39;49m[30;43m,[39;49m[30;43m [39;49m[30;43;01mFalse[39;49;00m[30;43m)[39;49m[30;43m,[39;49m
[32m   1910[39m [30;43m    [39;49m[30;43mis_text[39;49m[30;43m=[39;49m[30;43mis_text[39;49m[30;43m,[39;49m
[32m   1911[39m [30;43m    [39;49m[30;43merrors[39;49m[30;43m=[39;49m[30;43mself[39;49m[30;43m.[39;49m[30;43moptions[39;49m[30;43m.[39;49m[30;43mget[39;49m[30;43m([39;49m[30;43m"[39;49m[30;43mencoding_errors[39;49m[30;43m"[39;49m[30;43m,[39;49m[30;43m [39;49m[30;43m"[39;49m[30;43mstrict[39;49m[30;43m"[39;49m[30;43m)[39;49m[30;43m,[39;49m
[32m   1912[39m [30;43m    [39;49m[30;43mstorage_options[39;49m[30;43m=[39;49m[30;43mself[39;49m[30;43m.[39;49m[30;43moptions[39;49m[30;43m.[39;49m[30;43mget[39;49m[30;43m([39;49m[30;43m"[39;49m[30;43mstorage_options[39;49m[30;43m"[39;49m[30;43m,[39;49m[30;43m [39;49m[30;43;01mNone[39;49;00m[30;43m)[39;49m[30;43m,[39;49m
[32m   1913[39m [30;43m[39;49m[30;43m)[39;49m
[32m   1914[39m [38;5;28;01massert[39;00m [38;5;28mself[39m.handles [38;5;129;01mis[39;00m [38;5;129;01mnot[39;00m [38;5;28;01mNone[39;00m
[32m   1915[39m f = [38;5;28mself[39m.handles.handle

[36mFile [39m[32m~/scentree-gen-remote/scentree-gen-remote/.venv/lib/python3.12/site-packages/pandas/io/common.py:930[39m, in [36mget_handle[39m[34m(path_or_buf, mode, encoding, compression, memory_map, is_text, errors, storage_options)[39m
[32m    925[39m [38;5;28;01melif[39;00m [38;5;28misinstance[39m(handle, [38;5;28mstr[39m):
[32m    926[39m     [38;5;66;03m# Check whether the filename is to be opened in binary mode.[39;00m
[32m    927[39m     [38;5;66;03m# Binary mode does not support 'encoding' and 'newline'.[39;00m
[32m    928[39m     [38;5;28;01mif[39;00m ioargs.encoding [38;5;129;01mand[39;00m [33m"[39m[33mb[39m[33m"[39m [38;5;129;01mnot[39;00m [38;5;129;01min[39;00m ioargs.mode:
[32m    929[39m         [38;5;66;03m# Encoding[39;00m
[32m--> [39m[32m930[39m         handle = [30;43mopen[39;49m[30;43m([39;49m
[32m    931[39m [30;43m            [39;49m[30;43mhandle[39;49m[30;43m,[39;49m
[32m    932[39m [30;43m            [39;49m[30;43mioargs[39;49m[30;43m.[39;49m[30;43mmode[39;49m[30;43m,[39;49m
[32m    933[39m [30;43m            [39;49m[30;43mencoding[39;49m[30;43m=[39;49m[30;43mioargs[39;49m[30;43m.[39;49m[30;43mencoding[39;49m[30;43m,[39;49m
[32m    934[39m [30;43m            [39;49m[30;43merrors[39;49m[30;43m=[39;49m[30;43merrors[39;49m[30;43m,[39;49m
[32m    935[39m [30;43m            [39;49m[30;43mnewline[39;49m[30;43m=[39;49m[30;43m"[39;49m[30;43m"[39;49m[30;43m,[39;49m
[32m    936[39m [30;43m        [39;49m[30;43m)[39;49m
[32m    937[39m     [38;5;28;01melse[39;00m:
[32m    938[39m         [38;5;66;03m# Binary mode[39;00m
[32m    939[39m         handle = [38;5;28mopen[39m(handle, ioargs.mode)

[31mFileNotFoundError[39m: [Errno 2] No such file or directory: 'results_batch_dif_ren.csv'

